// Jest Snapshot v1, https://goo.gl/fbAQLP

exports[`render component to the screen matches snapshot 1`] = `
<tbody
  data-testid="profile-card"
>
  <tr>
    <td />
  </tr>
</tbody>
`;
